{"arm": "c0", "opponent_family": "qeinstein_moev2", "requested_seed": "2026092421", "seat": "0", "paired_margin_delta_vs_c0": "0.0", "action_changes": "0", "actual_action_diff_turns": 0, "first_action_diff": null, "last_action_diff": null, "opponent_action_diff_turns": 0, "state_diff_turns": 0, "last_state_diff": null, "our_terminal_delta": 0.0}
{"arm": "c0", "opponent_family": "qeinstein_moev2", "requested_seed": "2026092421", "seat": "1", "paired_margin_delta_vs_c0": "0.0", "action_changes": "0", "actual_action_diff_turns": 0, "first_action_diff": null, "last_action_diff": null, "opponent_action_diff_turns": 0, "state_diff_turns": 0, "last_state_diff": null, "our_terminal_delta": 0.0}
{"arm": "c0", "opponent_family": "smart_farm", "requested_seed": "2026092422", "seat": "0", "paired_margin_delta_vs_c0": "0.0", "action_changes": "0", "actual_action_diff_turns": 0, "first_action_diff": null, "last_action_diff": null, "opponent_action_diff_turns": 0, "state_diff_turns": 0, "last_state_diff": null, "our_terminal_delta": 0.0}
{"arm": "c0", "opponent_family": "smart_farm", "requested_seed": "2026092422", "seat": "1", "paired_margin_delta_vs_c0": "0.0", "action_changes": "0", "actual_action_diff_turns": 0, "first_action_diff": null, "last_action_diff": null, "opponent_action_diff_turns": 0, "state_diff_turns": 0, "last_state_diff": null, "our_terminal_delta": 0.0}
{"arm": "feed_once_replan", "opponent_family": "qeinstein_moev2", "requested_seed": "2026092421", "seat": "0", "paired_margin_delta_vs_c0": "-136.0", "action_changes": "2", "actual_action_diff_turns": 5, "first_action_diff": 434, "last_action_diff": 712, "opponent_action_diff_turns": 0, "state_diff_turns": 285, "last_state_diff": 719, "our_terminal_delta": -152.0}
{"arm": "feed_once_replan", "opponent_family": "qeinstein_moev2", "requested_seed": "2026092421", "seat": "1", "paired_margin_delta_vs_c0": "-136.0", "action_changes": "2", "actual_action_diff_turns": 5, "first_action_diff": 434, "last_action_diff": 712, "opponent_action_diff_turns": 0, "state_diff_turns": 285, "last_state_diff": 719, "our_terminal_delta": -152.0}
{"arm": "feed_once_replan", "opponent_family": "smart_farm", "requested_seed": "2026092422", "seat": "0", "paired_margin_delta_vs_c0": "-32.0", "action_changes": "5", "actual_action_diff_turns": 5, "first_action_diff": 209, "last_action_diff": 213, "opponent_action_diff_turns": 0, "state_diff_turns": 510, "last_state_diff": 719, "our_terminal_delta": -30.0}
{"arm": "feed_once_replan", "opponent_family": "smart_farm", "requested_seed": "2026092422", "seat": "1", "paired_margin_delta_vs_c0": "-44.0", "action_changes": "5", "actual_action_diff_turns": 5, "first_action_diff": 209, "last_action_diff": 213, "opponent_action_diff_turns": 0, "state_diff_turns": 510, "last_state_diff": 719, "our_terminal_delta": -42.0}
{"arm": "feed_refill", "opponent_family": "qeinstein_moev2", "requested_seed": "2026092421", "seat": "0", "paired_margin_delta_vs_c0": "-2140.0", "action_changes": "18", "actual_action_diff_turns": 35, "first_action_diff": 434, "last_action_diff": 712, "opponent_action_diff_turns": 0, "state_diff_turns": 285, "last_state_diff": 719, "our_terminal_delta": -1515.0}
{"arm": "feed_refill", "opponent_family": "qeinstein_moev2", "requested_seed": "2026092421", "seat": "1", "paired_margin_delta_vs_c0": "-2140.0", "action_changes": "18", "actual_action_diff_turns": 35, "first_action_diff": 434, "last_action_diff": 712, "opponent_action_diff_turns": 0, "state_diff_turns": 285, "last_state_diff": 719, "our_terminal_delta": -1515.0}
{"arm": "feed_refill", "opponent_family": "smart_farm", "requested_seed": "2026092422", "seat": "0", "paired_margin_delta_vs_c0": "-32.0", "action_changes": "5", "actual_action_diff_turns": 5, "first_action_diff": 209, "last_action_diff": 213, "opponent_action_diff_turns": 0, "state_diff_turns": 510, "last_state_diff": 719, "our_terminal_delta": -30.0}
{"arm": "feed_refill", "opponent_family": "smart_farm", "requested_seed": "2026092422", "seat": "1", "paired_margin_delta_vs_c0": "-44.0", "action_changes": "5", "actual_action_diff_turns": 5, "first_action_diff": 209, "last_action_diff": 213, "opponent_action_diff_turns": 0, "state_diff_turns": 510, "last_state_diff": 719, "our_terminal_delta": -42.0}
{"arm": "harvest_deliver", "opponent_family": "qeinstein_moev2", "requested_seed": "2026092421", "seat": "0", "paired_margin_delta_vs_c0": "0.0", "action_changes": "8", "actual_action_diff_turns": 8, "first_action_diff": 205, "last_action_diff": 212, "opponent_action_diff_turns": 0, "state_diff_turns": 9, "last_state_diff": 215, "our_terminal_delta": 0.0}
{"arm": "harvest_deliver", "opponent_family": "qeinstein_moev2", "requested_seed": "2026092421", "seat": "1", "paired_margin_delta_vs_c0": "0.0", "action_changes": "8", "actual_action_diff_turns": 8, "first_action_diff": 205, "last_action_diff": 212, "opponent_action_diff_turns": 0, "state_diff_turns": 9, "last_state_diff": 215, "our_terminal_delta": 0.0}
{"arm": "harvest_deliver", "opponent_family": "smart_farm", "requested_seed": "2026092422", "seat": "0", "paired_margin_delta_vs_c0": "0.0", "action_changes": "0", "actual_action_diff_turns": 0, "first_action_diff": null, "last_action_diff": null, "opponent_action_diff_turns": 0, "state_diff_turns": 0, "last_state_diff": null, "our_terminal_delta": 0.0}
{"arm": "harvest_deliver", "opponent_family": "smart_farm", "requested_seed": "2026092422", "seat": "1", "paired_margin_delta_vs_c0": "0.0", "action_changes": "0", "actual_action_diff_turns": 0, "first_action_diff": null, "last_action_diff": null, "opponent_action_diff_turns": 0, "state_diff_turns": 0, "last_state_diff": null, "our_terminal_delta": 0.0}
INTEGRITY True
INFO {'seed': 2026092421}

TRACE feed_once_replan qeinstein_moev2 ACTOR 5 FIRST 434
432 c0 None None None pr None None None tile None
433 c0 [5, 4] {} ['HARVEST'] pr [5, 4] {} ['HARVEST'] tile {'kind': 'PASTURE', 'animal': 'COW', 'placed_day': 6, 'yield_units': 3, 'consecutive_unfed': 0, 'fed_today': False, 'cared_today': False, 'fertilizer_available': True, 'pending_care_bonus': 1}
434 c0 [5, 4] {'MILK': 3} ['PASS'] pr [5, 4] {'MILK': 3} ['PICKUP', 'WHEAT', 1] tile {'kind': 'PASTURE', 'animal': 'COW', 'placed_day': 6, 'yield_units': 0, 'consecutive_unfed': 0, 'fed_today': False, 'cared_today': False, 'fertilizer_available': True, 'pending_care_bonus': 1}
435 c0 [5, 4] {'MILK': 3} ['PICKUP', 'WHEAT', 2] pr [5, 4] {'MILK': 3, 'WHEAT': 1} ['FEED'] tile {'kind': 'PASTURE', 'animal': 'COW', 'placed_day': 6, 'yield_units': 0, 'consecutive_unfed': 0, 'fed_today': False, 'cared_today': False, 'fertilizer_available': True, 'pending_care_bonus': 1}
436 c0 [5, 4] {'MILK': 3, 'WHEAT': 2} ['EAST'] pr [5, 4] {'MILK': 3, 'WHEAT': 1} ['EAST'] tile {'kind': 'PASTURE', 'animal': 'COW', 'placed_day': 6, 'yield_units': 0, 'consecutive_unfed': 0, 'fed_today': True, 'cared_today': False, 'fertilizer_available': True, 'pending_care_bonus': 1}
437 c0 [6, 4] {'MILK': 3, 'WHEAT': 2} ['FEED'] pr [6, 4] {'MILK': 3, 'WHEAT': 1} ['FEED'] tile {'kind': 'PASTURE', 'animal': 'SHEEP', 'placed_day': 7, 'yield_units': 0, 'consecutive_unfed': 0, 'fed_today': False, 'cared_today': False, 'fertilizer_available': True, 'pending_care_bonus': 3}
438 c0 [6, 4] {'MILK': 3, 'WHEAT': 1} ['CARE'] pr [6, 4] {'MILK': 3} ['CARE'] tile {'kind': 'PASTURE', 'animal': 'SHEEP', 'placed_day': 7, 'yield_units': 0, 'consecutive_unfed': 0, 'fed_today': True, 'cared_today': False, 'fertilizer_available': True, 'pending_care_bonus': 3}
439 c0 [6, 4] {'MILK': 3, 'WHEAT': 1} ['COLLECT_FERTILIZER'] pr [6, 4] {'MILK': 3} ['COLLECT_FERTILIZER'] tile {'kind': 'PASTURE', 'animal': 'SHEEP', 'placed_day': 7, 'yield_units': 0, 'consecutive_unfed': 0, 'fed_today': True, 'cared_today': True, 'fertilizer_available': True, 'pending_care_bonus': 3}
440 c0 [6, 4] {'MILK': 3, 'WHEAT': 1, 'FERTILIZER': 1} ['EAST'] pr [6, 4] {'MILK': 3, 'FERTILIZER': 1} ['EAST'] tile {'kind': 'PASTURE', 'animal': 'SHEEP', 'placed_day': 7, 'yield_units': 0, 'consecutive_unfed': 0, 'fed_today': True, 'cared_today': True, 'fertilizer_available': False, 'pending_care_bonus': 3}
441 c0 [7, 4] {'MILK': 3, 'WHEAT': 1, 'FERTILIZER': 1} ['FEED'] pr [7, 4] {'MILK': 3, 'FERTILIZER': 1} ['FEED'] tile {'kind': 'PASTURE', 'animal': 'SHEEP', 'placed_day': 8, 'yield_units': 0, 'consecutive_unfed': 0, 'fed_today': False, 'cared_today': False, 'fertilizer_available': True, 'pending_care_bonus': 2}
442 c0 [7, 4] {'MILK': 3, 'FERTILIZER': 1} ['CARE'] pr [7, 4] {'MILK': 3, 'FERTILIZER': 1} ['CARE'] tile {'kind': 'PASTURE', 'animal': 'SHEEP', 'placed_day': 8, 'yield_units': 0, 'consecutive_unfed': 0, 'fed_today': False, 'cared_today': False, 'fertilizer_available': True, 'pending_care_bonus': 2}
443 c0 [7, 4] {'MILK': 3, 'FERTILIZER': 1} ['COLLECT_FERTILIZER'] pr [7, 4] {'MILK': 3, 'FERTILIZER': 1} ['COLLECT_FERTILIZER'] tile {'kind': 'PASTURE', 'animal': 'SHEEP', 'placed_day': 8, 'yield_units': 0, 'consecutive_unfed': 0, 'fed_today': False, 'cared_today': True, 'fertilizer_available': True, 'pending_care_bonus': 2}
444 c0 [7, 4] {'MILK': 3, 'FERTILIZER': 2} ['NORTH'] pr [7, 4] {'MILK': 3, 'FERTILIZER': 2} ['NORTH'] tile {'kind': 'PASTURE', 'animal': 'SHEEP', 'placed_day': 8, 'yield_units': 0, 'consecutive_unfed': 0, 'fed_today': False, 'cared_today': True, 'fertilizer_available': False, 'pending_care_bonus': 2}
445 c0 [7, 3] {'MILK': 3, 'FERTILIZER': 2} ['NORTH'] pr [7, 3] {'MILK': 3, 'FERTILIZER': 2} ['NORTH'] tile {'kind': 'PLANT', 'crop': 'STRAWBERRY', 'planted_day': 6, 'watered_today': True, 'consecutive_unwatered': 0, 'yield_units': 0, 'max_lifespan_step': -1, 'fertilized_until_day': 17}
446 c0 [7, 2] {'MILK': 3, 'FERTILIZER': 2} ['NORTH'] pr [7, 2] {'MILK': 3, 'FERTILIZER': 2} ['NORTH'] tile {'kind': 'PLANT', 'crop': 'STRAWBERRY', 'planted_day': 6, 'watered_today': False, 'consecutive_unwatered': 0, 'yield_units': 0, 'max_lifespan_step': -1, 'fertilized_until_day': 17}
447 c0 [7, 1] {'MILK': 3, 'FERTILIZER': 2} ['EAST'] pr [7, 1] {'MILK': 3, 'FERTILIZER': 2} ['EAST'] tile {'kind': 'PLANT', 'crop': 'STRAWBERRY', 'planted_day': 8, 'watered_today': False, 'consecutive_unwatered': 0, 'yield_units': 0, 'max_lifespan_step': -1, 'fertilized_until_day': 19}
448 c0 [8, 1] {'MILK': 3, 'FERTILIZER': 2} ['WATER'] pr [8, 1] {'MILK': 3, 'FERTILIZER': 2} ['WATER'] tile {'kind': 'PLANT', 'crop': 'STRAWBERRY', 'planted_day': 7, 'watered_today': False, 'consecutive_unwatered': 1, 'yield_units': 0, 'max_lifespan_step': -1, 'fertilized_until_day': 18}
449 c0 [8, 1] {'MILK': 3, 'FERTILIZER': 2} ['NORTH'] pr [8, 1] {'MILK': 3, 'FERTILIZER': 2} ['NORTH'] tile {'kind': 'PLANT', 'crop': 'STRAWBERRY', 'planted_day': 7, 'watered_today': True, 'consecutive_unwatered': 1, 'yield_units': 0, 'max_lifespan_step': -1, 'fertilized_until_day': 18}
450 c0 [8, 0] {'MILK': 3, 'FERTILIZER': 2} ['WATER'] pr [8, 0] {'MILK': 3, 'FERTILIZER': 2} ['WATER'] tile {'kind': 'PLANT', 'crop': 'WHEAT', 'planted_day': 15, 'watered_today': False, 'consecutive_unwatered': 0, 'yield_units': 2, 'max_lifespan_step': 480, 'fertilized_until_day': -1}
451 c0 [8, 0] {'MILK': 3, 'FERTILIZER': 2} ['HARVEST'] pr [8, 0] {'MILK': 3, 'FERTILIZER': 2} ['HARVEST'] tile {'kind': 'PLANT', 'crop': 'WHEAT', 'planted_day': 15, 'watered_today': True, 'consecutive_unwatered': 0, 'yield_units': 3, 'max_lifespan_step': 480, 'fertilized_until_day': -1}
452 c0 [8, 0] {'MILK': 3, 'FERTILIZER': 2, 'WHEAT': 3} ['PLANT', 'WHEAT'] pr [8, 0] {'MILK': 3, 'FERTILIZER': 2, 'WHEAT': 3} ['PLANT', 'WHEAT'] tile None
453 c0 [8, 0] {'MILK': 3, 'FERTILIZER': 2, 'WHEAT': 3} ['WATER'] pr [8, 0] {'MILK': 3, 'FERTILIZER': 2, 'WHEAT': 3} ['WATER'] tile {'kind': 'PLANT', 'crop': 'WHEAT', 'planted_day': 18, 'watered_today': False, 'consecutive_unwatered': 1, 'yield_units': 1, 'max_lifespan_step': 552, 'fertilized_until_day': -1}
454 c0 [8, 0] {'MILK': 3, 'FERTILIZER': 2, 'WHEAT': 3} ['PASS'] pr [8, 0] {'MILK': 3, 'FERTILIZER': 2, 'WHEAT': 3} ['PASS'] tile {'kind': 'PLANT', 'crop': 'WHEAT', 'planted_day': 18, 'watered_today': True, 'consecutive_unwatered': 1, 'yield_units': 1, 'max_lifespan_step': 552, 'fertilized_until_day': -1}
455 c0 [8, 0] {'MILK': 3, 'FERTILIZER': 2, 'WHEAT': 3} ['PASS'] pr [8, 0] {'MILK': 3, 'FERTILIZER': 2, 'WHEAT': 3} ['PASS'] tile {'kind': 'PLANT', 'crop': 'WHEAT', 'planted_day': 18, 'watered_today': True, 'consecutive_unwatered': 1, 'yield_units': 1, 'max_lifespan_step': 552, 'fertilized_until_day': -1}
456 c0 None None None pr None None None tile None
457 c0 [5, 4] {} ['EAST'] pr [5, 4] {} ['EAST'] tile {'kind': 'PASTURE', 'animal': 'COW', 'placed_day': 6, 'yield_units': 0, 'consecutive_unfed': 0, 'fed_today': False, 'cared_today': False, 'fertilizer_available': True, 'pending_care_bonus': 2}
458 c0 [6, 4] {} ['NORTH'] pr [6, 4] {} ['NORTH'] tile {'kind': 'PASTURE', 'animal': 'SHEEP', 'placed_day': 7, 'yield_units': 4, 'consecutive_unfed': 0, 'fed_today': False, 'cared_today': False, 'fertilizer_available': True, 'pending_care_bonus': 1}

TRACE feed_once_replan smart_farm ACTOR 1 FIRST 209
207 c0 [5, 5] {'FERTILIZER': 2} ['DROP'] pr [5, 5] {'FERTILIZER': 2} ['DROP'] tile LOCKED
208 c0 [5, 5] {} ['NORTH'] pr [5, 5] {} ['NORTH'] tile LOCKED
209 c0 [5, 4] {} ['PASS'] pr [5, 4] {} ['PICKUP', 'WHEAT', 1] tile {'kind': 'PASTURE', 'animal': 'COW', 'placed_day': 6, 'yield_units': 0, 'consecutive_unfed': 0, 'fed_today': True, 'cared_today': True, 'fertilizer_available': False, 'pending_care_bonus': 2}
210 c0 [5, 4] {} ['PASS'] pr [5, 4] {'WHEAT': 1} ['WEST'] tile {'kind': 'PASTURE', 'animal': 'COW', 'placed_day': 6, 'yield_units': 0, 'consecutive_unfed': 0, 'fed_today': True, 'cared_today': True, 'fertilizer_available': False, 'pending_care_bonus': 2}
211 c0 [5, 4] {} ['PASS'] pr [4, 4] {'WHEAT': 1} ['WEST'] tile {'kind': 'PASTURE', 'animal': 'COW', 'placed_day': 0, 'yield_units': 0, 'consecutive_unfed': 0, 'fed_today': True, 'cared_today': True, 'fertilizer_available': False, 'pending_care_bonus': 1}
212 c0 [5, 4] {} ['PASS'] pr [3, 4] {'WHEAT': 1} ['WEST'] tile {'kind': 'PASTURE', 'animal': 'SHEEP', 'placed_day': 0, 'yield_units': 0, 'consecutive_unfed': 0, 'fed_today': True, 'cared_today': True, 'fertilizer_available': False, 'pending_care_bonus': 3}
213 c0 [5, 4] {} ['PASS'] pr [2, 4] {'WHEAT': 1} ['FEED'] tile {'kind': 'PASTURE', 'animal': 'COW', 'placed_day': 3, 'yield_units': 0, 'consecutive_unfed': 0, 'fed_today': False, 'cared_today': True, 'fertilizer_available': False, 'pending_care_bonus': 4}
214 c0 [5, 4] {} ['PASS'] pr [2, 4] {} ['PASS'] tile {'kind': 'PASTURE', 'animal': 'COW', 'placed_day': 3, 'yield_units': 0, 'consecutive_unfed': 0, 'fed_today': True, 'cared_today': True, 'fertilizer_available': False, 'pending_care_bonus': 4}
215 c0 [5, 4] {} ['PASS'] pr [2, 4] {} ['PASS'] tile {'kind': 'PASTURE', 'animal': 'COW', 'placed_day': 3, 'yield_units': 0, 'consecutive_unfed': 0, 'fed_today': True, 'cared_today': True, 'fertilizer_available': False, 'pending_care_bonus': 4}
216 c0 None None None pr None None None tile None
217 c0 [5, 4] {} ['PICKUP', 'WHEAT'] pr [5, 4] {} ['PICKUP', 'WHEAT'] tile {'kind': 'PASTURE', 'animal': 'COW', 'placed_day': 6, 'yield_units': 0, 'consecutive_unfed': 0, 'fed_today': False, 'cared_today': False, 'fertilizer_available': True, 'pending_care_bonus': 3}
218 c0 [5, 4] {'WHEAT': 1} ['EAST'] pr [5, 4] {'WHEAT': 1} ['EAST'] tile {'kind': 'PASTURE', 'animal': 'COW', 'placed_day': 6, 'yield_units': 0, 'consecutive_unfed': 0, 'fed_today': False, 'cared_today': True, 'fertilizer_available': True, 'pending_care_bonus': 3}
219 c0 [6, 4] {'WHEAT': 1} ['FEED'] pr [6, 4] {'WHEAT': 1} ['FEED'] tile {'kind': 'PASTURE', 'animal': 'COW', 'placed_day': 7, 'yield_units': 0, 'consecutive_unfed': 0, 'fed_today': False, 'cared_today': False, 'fertilizer_available': True, 'pending_care_bonus': 1}
220 c0 [6, 4] {} ['CARE'] pr [6, 4] {} ['CARE'] tile {'kind': 'PASTURE', 'animal': 'COW', 'placed_day': 7, 'yield_units': 0, 'consecutive_unfed': 0, 'fed_today': True, 'cared_today': False, 'fertilizer_available': True, 'pending_care_bonus': 1}
221 c0 [6, 4] {} ['EAST'] pr [6, 4] {} ['EAST'] tile {'kind': 'PASTURE', 'animal': 'COW', 'placed_day': 7, 'yield_units': 0, 'consecutive_unfed': 0, 'fed_today': True, 'cared_today': True, 'fertilizer_available': False, 'pending_care_bonus': 1}
222 c0 [7, 4] {} ['EAST'] pr [7, 4] {} ['EAST'] tile {'kind': 'PASTURE', 'animal': 'SHEEP', 'placed_day': 8, 'yield_units': 0, 'consecutive_unfed': 0, 'fed_today': False, 'cared_today': False, 'fertilizer_available': True, 'pending_care_bonus': 1}
223 c0 [8, 4] {} ['WATER'] pr [8, 4] {} ['WATER'] tile {'kind': 'PLANT', 'crop': 'STRAWBERRY', 'planted_day': 6, 'watered_today': False, 'consecutive_unwatered': 0, 'yield_units': 0, 'max_lifespan_step': -1, 'fertilized_until_day': -1}
224 c0 [8, 4] {} ['EAST'] pr [8, 4] {} ['EAST'] tile {'kind': 'PLANT', 'crop': 'STRAWBERRY', 'planted_day': 6, 'watered_today': True, 'consecutive_unwatered': 0, 'yield_units': 0, 'max_lifespan_step': -1, 'fertilized_until_day': -1}
225 c0 [9, 4] {} ['WATER'] pr [9, 4] {} ['WATER'] tile {'kind': 'PLANT', 'crop': 'STRAWBERRY', 'planted_day': 6, 'watered_today': False, 'consecutive_unwatered': 0, 'yield_units': 0, 'max_lifespan_step': -1, 'fertilized_until_day': -1}
226 c0 [9, 4] {} ['NORTH'] pr [9, 4] {} ['NORTH'] tile {'kind': 'PLANT', 'crop': 'STRAWBERRY', 'planted_day': 6, 'watered_today': True, 'consecutive_unwatered': 0, 'yield_units': 0, 'max_lifespan_step': -1, 'fertilized_until_day': -1}
227 c0 [9, 3] {} ['WATER'] pr [9, 3] {} ['WATER'] tile {'kind': 'PLANT', 'crop': 'STRAWBERRY', 'planted_day': 7, 'watered_today': False, 'consecutive_unwatered': 0, 'yield_units': 0, 'max_lifespan_step': -1, 'fertilized_until_day': -1}
228 c0 [9, 3] {} ['NORTH'] pr [9, 3] {} ['NORTH'] tile {'kind': 'PLANT', 'crop': 'STRAWBERRY', 'planted_day': 7, 'watered_today': True, 'consecutive_unwatered': 0, 'yield_units': 0, 'max_lifespan_step': -1, 'fertilized_until_day': -1}
229 c0 [9, 2] {} ['WATER'] pr [9, 2] {} ['WATER'] tile {'kind': 'PLANT', 'crop': 'STRAWBERRY', 'planted_day': 7, 'watered_today': False, 'consecutive_unwatered': 0, 'yield_units': 0, 'max_lifespan_step': -1, 'fertilized_until_day': -1}
230 c0 [9, 2] {} ['NORTH'] pr [9, 2] {} ['NORTH'] tile {'kind': 'PLANT', 'crop': 'STRAWBERRY', 'planted_day': 7, 'watered_today': True, 'consecutive_unwatered': 0, 'yield_units': 0, 'max_lifespan_step': -1, 'fertilized_until_day': -1}
231 c0 [9, 1] {} ['WATER'] pr [9, 1] {} ['WATER'] tile {'kind': 'PLANT', 'crop': 'WHEAT', 'planted_day': 7, 'watered_today': False, 'consecutive_unwatered': 0, 'yield_units': 1, 'max_lifespan_step': 288, 'fertilized_until_day': -1}
232 c0 [9, 1] {} ['HARVEST'] pr [9, 1] {} ['HARVEST'] tile {'kind': 'PLANT', 'crop': 'WHEAT', 'planted_day': 7, 'watered_today': True, 'consecutive_unwatered': 0, 'yield_units': 2, 'max_lifespan_step': 288, 'fertilized_until_day': -1}
233 c0 [9, 1] {'WHEAT': 2} ['PLANT', 'WHEAT'] pr [9, 1] {'WHEAT': 2} ['PLANT', 'WHEAT'] tile None

TRACE feed_refill qeinstein_moev2 ACTOR 5 FIRST 434
432 c0 None None None pr None None None tile None
433 c0 [5, 4] {} ['HARVEST'] pr [5, 4] {} ['HARVEST'] tile {'kind': 'PASTURE', 'animal': 'COW', 'placed_day': 6, 'yield_units': 3, 'consecutive_unfed': 0, 'fed_today': False, 'cared_today': False, 'fertilizer_available': True, 'pending_care_bonus': 1}
434 c0 [5, 4] {'MILK': 3} ['PASS'] pr [5, 4] {'MILK': 3} ['PICKUP', 'WHEAT', 5] tile {'kind': 'PASTURE', 'animal': 'COW', 'placed_day': 6, 'yield_units': 0, 'consecutive_unfed': 0, 'fed_today': False, 'cared_today': False, 'fertilizer_available': True, 'pending_care_bonus': 1}
435 c0 [5, 4] {'MILK': 3} ['PICKUP', 'WHEAT', 2] pr [5, 4] {'MILK': 3, 'WHEAT': 5} ['FEED'] tile {'kind': 'PASTURE', 'animal': 'COW', 'placed_day': 6, 'yield_units': 0, 'consecutive_unfed': 0, 'fed_today': False, 'cared_today': False, 'fertilizer_available': True, 'pending_care_bonus': 1}
436 c0 [5, 4] {'MILK': 3, 'WHEAT': 2} ['EAST'] pr [5, 4] {'MILK': 3, 'WHEAT': 5} ['NORTH'] tile {'kind': 'PASTURE', 'animal': 'COW', 'placed_day': 6, 'yield_units': 0, 'consecutive_unfed': 0, 'fed_today': True, 'cared_today': False, 'fertilizer_available': True, 'pending_care_bonus': 1}
437 c0 [6, 4] {'MILK': 3, 'WHEAT': 2} ['FEED'] pr [5, 3] {'MILK': 3, 'WHEAT': 5} ['FEED'] tile {'kind': 'PASTURE', 'animal': 'COW', 'placed_day': 6, 'yield_units': 3, 'consecutive_unfed': 0, 'fed_today': False, 'cared_today': False, 'fertilizer_available': True, 'pending_care_bonus': 1}
438 c0 [6, 4] {'MILK': 3, 'WHEAT': 1} ['CARE'] pr [5, 3] {'MILK': 3, 'WHEAT': 4} ['WEST'] tile {'kind': 'PASTURE', 'animal': 'COW', 'placed_day': 6, 'yield_units': 3, 'consecutive_unfed': 0, 'fed_today': True, 'cared_today': False, 'fertilizer_available': True, 'pending_care_bonus': 1}
439 c0 [6, 4] {'MILK': 3, 'WHEAT': 1} ['COLLECT_FERTILIZER'] pr [4, 3] {'MILK': 3, 'WHEAT': 4} ['FEED'] tile {'kind': 'PASTURE', 'animal': 'COW', 'placed_day': 0, 'yield_units': 3, 'consecutive_unfed': 0, 'fed_today': False, 'cared_today': False, 'fertilizer_available': True, 'pending_care_bonus': 1}
440 c0 [6, 4] {'MILK': 3, 'WHEAT': 1, 'FERTILIZER': 1} ['EAST'] pr [4, 3] {'MILK': 3, 'WHEAT': 3} ['NORTH'] tile {'kind': 'PASTURE', 'animal': 'COW', 'placed_day': 0, 'yield_units': 0, 'consecutive_unfed': 0, 'fed_today': True, 'cared_today': False, 'fertilizer_available': True, 'pending_care_bonus': 1}
441 c0 [7, 4] {'MILK': 3, 'WHEAT': 1, 'FERTILIZER': 1} ['FEED'] pr [4, 2] {'MILK': 3, 'WHEAT': 3} ['FEED'] tile {'kind': 'PASTURE', 'animal': 'COW', 'placed_day': 2, 'yield_units': 3, 'consecutive_unfed': 0, 'fed_today': False, 'cared_today': False, 'fertilizer_available': True, 'pending_care_bonus': 1}
442 c0 [7, 4] {'MILK': 3, 'FERTILIZER': 1} ['CARE'] pr [4, 2] {'MILK': 3, 'WHEAT': 2} ['WEST'] tile {'kind': 'PASTURE', 'animal': 'COW', 'placed_day': 2, 'yield_units': 3, 'consecutive_unfed': 0, 'fed_today': True, 'cared_today': False, 'fertilizer_available': True, 'pending_care_bonus': 1}
443 c0 [7, 4] {'MILK': 3, 'FERTILIZER': 1} ['COLLECT_FERTILIZER'] pr [3, 2] {'MILK': 3, 'WHEAT': 2} ['FEED'] tile {'kind': 'PASTURE', 'animal': 'SHEEP', 'placed_day': 10, 'yield_units': 0, 'consecutive_unfed': 0, 'fed_today': False, 'cared_today': False, 'fertilizer_available': True, 'pending_care_bonus': 3}
444 c0 [7, 4] {'MILK': 3, 'FERTILIZER': 2} ['NORTH'] pr [3, 2] {'MILK': 3, 'WHEAT': 1} ['EAST'] tile {'kind': 'PASTURE', 'animal': 'SHEEP', 'placed_day': 10, 'yield_units': 0, 'consecutive_unfed': 0, 'fed_today': True, 'cared_today': False, 'fertilizer_available': True, 'pending_care_bonus': 3}
445 c0 [7, 3] {'MILK': 3, 'FERTILIZER': 2} ['NORTH'] pr [4, 2] {'MILK': 3, 'WHEAT': 1} ['EAST'] tile {'kind': 'PASTURE', 'animal': 'COW', 'placed_day': 2, 'yield_units': 3, 'consecutive_unfed': 0, 'fed_today': True, 'cared_today': True, 'fertilizer_available': True, 'pending_care_bonus': 1}
446 c0 [7, 2] {'MILK': 3, 'FERTILIZER': 2} ['NORTH'] pr [5, 2] {'MILK': 3, 'WHEAT': 1} ['EAST'] tile {'kind': 'PASTURE', 'animal': 'SHEEP', 'placed_day': 7, 'yield_units': 0, 'consecutive_unfed': 0, 'fed_today': True, 'cared_today': True, 'fertilizer_available': True, 'pending_care_bonus': 3}
447 c0 [7, 1] {'MILK': 3, 'FERTILIZER': 2} ['EAST'] pr [6, 2] {'MILK': 3, 'WHEAT': 1} ['FEED'] tile {'kind': 'PASTURE', 'animal': 'SHEEP', 'placed_day': 9, 'yield_units': 4, 'consecutive_unfed': 0, 'fed_today': False, 'cared_today': False, 'fertilizer_available': True, 'pending_care_bonus': 1}
448 c0 [8, 1] {'MILK': 3, 'FERTILIZER': 2} ['WATER'] pr [6, 2] {'MILK': 3} ['PASS'] tile {'kind': 'PASTURE', 'animal': 'SHEEP', 'placed_day': 9, 'yield_units': 4, 'consecutive_unfed': 0, 'fed_today': True, 'cared_today': False, 'fertilizer_available': True, 'pending_care_bonus': 1}
449 c0 [8, 1] {'MILK': 3, 'FERTILIZER': 2} ['NORTH'] pr [6, 2] {'MILK': 3} ['PASS'] tile {'kind': 'PASTURE', 'animal': 'SHEEP', 'placed_day': 9, 'yield_units': 4, 'consecutive_unfed': 0, 'fed_today': True, 'cared_today': False, 'fertilizer_available': True, 'pending_care_bonus': 1}
450 c0 [8, 0] {'MILK': 3, 'FERTILIZER': 2} ['WATER'] pr [6, 2] {'MILK': 3} ['PASS'] tile {'kind': 'PASTURE', 'animal': 'SHEEP', 'placed_day': 9, 'yield_units': 4, 'consecutive_unfed': 0, 'fed_today': True, 'cared_today': True, 'fertilizer_available': True, 'pending_care_bonus': 1}
451 c0 [8, 0] {'MILK': 3, 'FERTILIZER': 2} ['HARVEST'] pr [6, 2] {'MILK': 3} ['PASS'] tile {'kind': 'PASTURE', 'animal': 'SHEEP', 'placed_day': 9, 'yield_units': 4, 'consecutive_unfed': 0, 'fed_today': True, 'cared_today': True, 'fertilizer_available': False, 'pending_care_bonus': 1}
452 c0 [8, 0] {'MILK': 3, 'FERTILIZER': 2, 'WHEAT': 3} ['PLANT', 'WHEAT'] pr [6, 2] {'MILK': 3} ['PASS'] tile {'kind': 'PASTURE', 'animal': 'SHEEP', 'placed_day': 9, 'yield_units': 0, 'consecutive_unfed': 0, 'fed_today': True, 'cared_today': True, 'fertilizer_available': False, 'pending_care_bonus': 1}
453 c0 [8, 0] {'MILK': 3, 'FERTILIZER': 2, 'WHEAT': 3} ['WATER'] pr [6, 2] {'MILK': 3} ['PASS'] tile {'kind': 'PASTURE', 'animal': 'SHEEP', 'placed_day': 9, 'yield_units': 0, 'consecutive_unfed': 0, 'fed_today': True, 'cared_today': True, 'fertilizer_available': False, 'pending_care_bonus': 1}
454 c0 [8, 0] {'MILK': 3, 'FERTILIZER': 2, 'WHEAT': 3} ['PASS'] pr [6, 2] {'MILK': 3} ['PASS'] tile {'kind': 'PASTURE', 'animal': 'SHEEP', 'placed_day': 9, 'yield_units': 0, 'consecutive_unfed': 0, 'fed_today': True, 'cared_today': True, 'fertilizer_available': False, 'pending_care_bonus': 1}
455 c0 [8, 0] {'MILK': 3, 'FERTILIZER': 2, 'WHEAT': 3} ['PASS'] pr [6, 2] {'MILK': 3} ['PASS'] tile {'kind': 'PASTURE', 'animal': 'SHEEP', 'placed_day': 9, 'yield_units': 0, 'consecutive_unfed': 0, 'fed_today': True, 'cared_today': True, 'fertilizer_available': False, 'pending_care_bonus': 1}
456 c0 None None None pr None None None tile None
457 c0 [5, 4] {} ['EAST'] pr [5, 4] {} ['EAST'] tile {'kind': 'PASTURE', 'animal': 'COW', 'placed_day': 6, 'yield_units': 0, 'consecutive_unfed': 0, 'fed_today': False, 'cared_today': False, 'fertilizer_available': True, 'pending_care_bonus': 2}
458 c0 [6, 4] {} ['NORTH'] pr [6, 4] {} ['NORTH'] tile {'kind': 'PASTURE', 'animal': 'SHEEP', 'placed_day': 7, 'yield_units': 1, 'consecutive_unfed': 1, 'fed_today': False, 'cared_today': False, 'fertilizer_available': True, 'pending_care_bonus': 0}

TRACE feed_refill smart_farm ACTOR 1 FIRST 209
207 c0 [5, 5] {'FERTILIZER': 2} ['DROP'] pr [5, 5] {'FERTILIZER': 2} ['DROP'] tile LOCKED
208 c0 [5, 5] {} ['NORTH'] pr [5, 5] {} ['NORTH'] tile LOCKED
209 c0 [5, 4] {} ['PASS'] pr [5, 4] {} ['PICKUP', 'WHEAT', 1] tile {'kind': 'PASTURE', 'animal': 'COW', 'placed_day': 6, 'yield_units': 0, 'consecutive_unfed': 0, 'fed_today': True, 'cared_today': True, 'fertilizer_available': False, 'pending_care_bonus': 2}
210 c0 [5, 4] {} ['PASS'] pr [5, 4] {'WHEAT': 1} ['WEST'] tile {'kind': 'PASTURE', 'animal': 'COW', 'placed_day': 6, 'yield_units': 0, 'consecutive_unfed': 0, 'fed_today': True, 'cared_today': True, 'fertilizer_available': False, 'pending_care_bonus': 2}
211 c0 [5, 4] {} ['PASS'] pr [4, 4] {'WHEAT': 1} ['WEST'] tile {'kind': 'PASTURE', 'animal': 'COW', 'placed_day': 0, 'yield_units': 0, 'consecutive_unfed': 0, 'fed_today': True, 'cared_today': True, 'fertilizer_available': False, 'pending_care_bonus': 1}
212 c0 [5, 4] {} ['PASS'] pr [3, 4] {'WHEAT': 1} ['WEST'] tile {'kind': 'PASTURE', 'animal': 'SHEEP', 'placed_day': 0, 'yield_units': 0, 'consecutive_unfed': 0, 'fed_today': True, 'cared_today': True, 'fertilizer_available': False, 'pending_care_bonus': 3}
213 c0 [5, 4] {} ['PASS'] pr [2, 4] {'WHEAT': 1} ['FEED'] tile {'kind': 'PASTURE', 'animal': 'COW', 'placed_day': 3, 'yield_units': 0, 'consecutive_unfed': 0, 'fed_today': False, 'cared_today': True, 'fertilizer_available': False, 'pending_care_bonus': 4}
214 c0 [5, 4] {} ['PASS'] pr [2, 4] {} ['PASS'] tile {'kind': 'PASTURE', 'animal': 'COW', 'placed_day': 3, 'yield_units': 0, 'consecutive_unfed': 0, 'fed_today': True, 'cared_today': True, 'fertilizer_available': False, 'pending_care_bonus': 4}
215 c0 [5, 4] {} ['PASS'] pr [2, 4] {} ['PASS'] tile {'kind': 'PASTURE', 'animal': 'COW', 'placed_day': 3, 'yield_units': 0, 'consecutive_unfed': 0, 'fed_today': True, 'cared_today': True, 'fertilizer_available': False, 'pending_care_bonus': 4}
216 c0 None None None pr None None None tile None
217 c0 [5, 4] {} ['PICKUP', 'WHEAT'] pr [5, 4] {} ['PICKUP', 'WHEAT'] tile {'kind': 'PASTURE', 'animal': 'COW', 'placed_day': 6, 'yield_units': 0, 'consecutive_unfed': 0, 'fed_today': False, 'cared_today': False, 'fertilizer_available': True, 'pending_care_bonus': 3}
218 c0 [5, 4] {'WHEAT': 1} ['EAST'] pr [5, 4] {'WHEAT': 1} ['EAST'] tile {'kind': 'PASTURE', 'animal': 'COW', 'placed_day': 6, 'yield_units': 0, 'consecutive_unfed': 0, 'fed_today': False, 'cared_today': True, 'fertilizer_available': True, 'pending_care_bonus': 3}
219 c0 [6, 4] {'WHEAT': 1} ['FEED'] pr [6, 4] {'WHEAT': 1} ['FEED'] tile {'kind': 'PASTURE', 'animal': 'COW', 'placed_day': 7, 'yield_units': 0, 'consecutive_unfed': 0, 'fed_today': False, 'cared_today': False, 'fertilizer_available': True, 'pending_care_bonus': 1}
220 c0 [6, 4] {} ['CARE'] pr [6, 4] {} ['CARE'] tile {'kind': 'PASTURE', 'animal': 'COW', 'placed_day': 7, 'yield_units': 0, 'consecutive_unfed': 0, 'fed_today': True, 'cared_today': False, 'fertilizer_available': True, 'pending_care_bonus': 1}
221 c0 [6, 4] {} ['EAST'] pr [6, 4] {} ['EAST'] tile {'kind': 'PASTURE', 'animal': 'COW', 'placed_day': 7, 'yield_units': 0, 'consecutive_unfed': 0, 'fed_today': True, 'cared_today': True, 'fertilizer_available': False, 'pending_care_bonus': 1}
222 c0 [7, 4] {} ['EAST'] pr [7, 4] {} ['EAST'] tile {'kind': 'PASTURE', 'animal': 'SHEEP', 'placed_day': 8, 'yield_units': 0, 'consecutive_unfed': 0, 'fed_today': False, 'cared_today': False, 'fertilizer_available': True, 'pending_care_bonus': 1}
223 c0 [8, 4] {} ['WATER'] pr [8, 4] {} ['WATER'] tile {'kind': 'PLANT', 'crop': 'STRAWBERRY', 'planted_day': 6, 'watered_today': False, 'consecutive_unwatered': 0, 'yield_units': 0, 'max_lifespan_step': -1, 'fertilized_until_day': -1}
224 c0 [8, 4] {} ['EAST'] pr [8, 4] {} ['EAST'] tile {'kind': 'PLANT', 'crop': 'STRAWBERRY', 'planted_day': 6, 'watered_today': True, 'consecutive_unwatered': 0, 'yield_units': 0, 'max_lifespan_step': -1, 'fertilized_until_day': -1}
225 c0 [9, 4] {} ['WATER'] pr [9, 4] {} ['WATER'] tile {'kind': 'PLANT', 'crop': 'STRAWBERRY', 'planted_day': 6, 'watered_today': False, 'consecutive_unwatered': 0, 'yield_units': 0, 'max_lifespan_step': -1, 'fertilized_until_day': -1}
226 c0 [9, 4] {} ['NORTH'] pr [9, 4] {} ['NORTH'] tile {'kind': 'PLANT', 'crop': 'STRAWBERRY', 'planted_day': 6, 'watered_today': True, 'consecutive_unwatered': 0, 'yield_units': 0, 'max_lifespan_step': -1, 'fertilized_until_day': -1}
227 c0 [9, 3] {} ['WATER'] pr [9, 3] {} ['WATER'] tile {'kind': 'PLANT', 'crop': 'STRAWBERRY', 'planted_day': 7, 'watered_today': False, 'consecutive_unwatered': 0, 'yield_units': 0, 'max_lifespan_step': -1, 'fertilized_until_day': -1}
228 c0 [9, 3] {} ['NORTH'] pr [9, 3] {} ['NORTH'] tile {'kind': 'PLANT', 'crop': 'STRAWBERRY', 'planted_day': 7, 'watered_today': True, 'consecutive_unwatered': 0, 'yield_units': 0, 'max_lifespan_step': -1, 'fertilized_until_day': -1}
229 c0 [9, 2] {} ['WATER'] pr [9, 2] {} ['WATER'] tile {'kind': 'PLANT', 'crop': 'STRAWBERRY', 'planted_day': 7, 'watered_today': False, 'consecutive_unwatered': 0, 'yield_units': 0, 'max_lifespan_step': -1, 'fertilized_until_day': -1}
230 c0 [9, 2] {} ['NORTH'] pr [9, 2] {} ['NORTH'] tile {'kind': 'PLANT', 'crop': 'STRAWBERRY', 'planted_day': 7, 'watered_today': True, 'consecutive_unwatered': 0, 'yield_units': 0, 'max_lifespan_step': -1, 'fertilized_until_day': -1}
231 c0 [9, 1] {} ['WATER'] pr [9, 1] {} ['WATER'] tile {'kind': 'PLANT', 'crop': 'WHEAT', 'planted_day': 7, 'watered_today': False, 'consecutive_unwatered': 0, 'yield_units': 1, 'max_lifespan_step': 288, 'fertilized_until_day': -1}
232 c0 [9, 1] {} ['HARVEST'] pr [9, 1] {} ['HARVEST'] tile {'kind': 'PLANT', 'crop': 'WHEAT', 'planted_day': 7, 'watered_today': True, 'consecutive_unwatered': 0, 'yield_units': 2, 'max_lifespan_step': 288, 'fertilized_until_day': -1}
233 c0 [9, 1] {'WHEAT': 2} ['PLANT', 'WHEAT'] pr [9, 1] {'WHEAT': 2} ['PLANT', 'WHEAT'] tile None

TRACE harvest_deliver qeinstein_moev2 ACTOR 4 FIRST 205
203 c0 [1, 1] {} ['WEST'] pr [1, 1] {} ['WEST'] tile {'kind': 'PLANT', 'crop': 'STRAWBERRY', 'planted_day': 5, 'watered_today': False, 'consecutive_unwatered': 0, 'yield_units': 0, 'max_lifespan_step': -1, 'fertilized_until_day': -1}
204 c0 [0, 1] {} ['WATER'] pr [0, 1] {} ['WATER'] tile {'kind': 'PLANT', 'crop': 'WHEAT', 'planted_day': 7, 'watered_today': False, 'consecutive_unwatered': 0, 'yield_units': 1, 'max_lifespan_step': 288, 'fertilized_until_day': -1}
205 c0 [0, 1] {} ['PASS'] pr [0, 1] {} ['HARVEST'] tile {'kind': 'PLANT', 'crop': 'WHEAT', 'planted_day': 7, 'watered_today': True, 'consecutive_unwatered': 0, 'yield_units': 1, 'max_lifespan_step': 288, 'fertilized_until_day': -1}
206 c0 [0, 1] {} ['PASS'] pr [0, 1] {} ['EAST'] tile {'kind': 'PLANT', 'crop': 'WHEAT', 'planted_day': 7, 'watered_today': True, 'consecutive_unwatered': 0, 'yield_units': 1, 'max_lifespan_step': 288, 'fertilized_until_day': -1}
207 c0 [0, 1] {} ['PASS'] pr [1, 1] {} ['EAST'] tile {'kind': 'PLANT', 'crop': 'STRAWBERRY', 'planted_day': 5, 'watered_today': False, 'consecutive_unwatered': 0, 'yield_units': 0, 'max_lifespan_step': -1, 'fertilized_until_day': -1}
208 c0 [0, 1] {} ['PASS'] pr [2, 1] {} ['EAST'] tile {'kind': 'PLANT', 'crop': 'MELON', 'planted_day': 0, 'watered_today': False, 'consecutive_unwatered': 0, 'yield_units': 3, 'max_lifespan_step': 312, 'fertilized_until_day': -1}
209 c0 [0, 1] {} ['PASS'] pr [3, 1] {} ['EAST'] tile {'kind': 'PLANT', 'crop': 'MELON', 'planted_day': 0, 'watered_today': True, 'consecutive_unwatered': 0, 'yield_units': 4, 'max_lifespan_step': 312, 'fertilized_until_day': -1}
210 c0 [0, 1] {} ['PASS'] pr [4, 1] {} ['SOUTH'] tile {'kind': 'PLANT', 'crop': 'MELON', 'planted_day': 0, 'watered_today': True, 'consecutive_unwatered': 0, 'yield_units': 4, 'max_lifespan_step': 312, 'fertilized_until_day': -1}
211 c0 [0, 1] {} ['PASS'] pr [4, 2] {} ['SOUTH'] tile {'kind': 'PASTURE', 'animal': 'COW', 'placed_day': 2, 'yield_units': 0, 'consecutive_unfed': 0, 'fed_today': True, 'cared_today': True, 'fertilizer_available': False, 'pending_care_bonus': 4}
212 c0 [0, 1] {} ['PASS'] pr [4, 3] {} ['SOUTH'] tile {'kind': 'PASTURE', 'animal': 'COW', 'placed_day': 0, 'yield_units': 0, 'consecutive_unfed': 0, 'fed_today': True, 'cared_today': True, 'fertilizer_available': False, 'pending_care_bonus': 1}
213 c0 [0, 1] {} ['PASS'] pr [4, 4] {} ['PASS'] tile {'kind': 'PASTURE', 'animal': 'COW', 'placed_day': 0, 'yield_units': 0, 'consecutive_unfed': 0, 'fed_today': True, 'cared_today': True, 'fertilizer_available': False, 'pending_care_bonus': 1}
214 c0 [0, 1] {} ['PASS'] pr [4, 4] {} ['PASS'] tile {'kind': 'PASTURE', 'animal': 'COW', 'placed_day': 0, 'yield_units': 0, 'consecutive_unfed': 0, 'fed_today': True, 'cared_today': True, 'fertilizer_available': False, 'pending_care_bonus': 1}
215 c0 [0, 1] {} ['PASS'] pr [4, 4] {} ['PASS'] tile {'kind': 'PASTURE', 'animal': 'COW', 'placed_day': 0, 'yield_units': 0, 'consecutive_unfed': 0, 'fed_today': True, 'cared_today': True, 'fertilizer_available': False, 'pending_care_bonus': 1}
216 c0 None None None pr None None None tile None
217 c0 [5, 5] {} ['WEST'] pr [5, 5] {} ['WEST'] tile LOCKED
218 c0 [4, 5] {} ['WEST'] pr [4, 5] {} ['WEST'] tile LOCKED
219 c0 [3, 5] {} ['WEST'] pr [3, 5] {} ['WEST'] tile LOCKED
220 c0 [2, 5] {} ['WEST'] pr [2, 5] {} ['WEST'] tile LOCKED
221 c0 [1, 5] {} ['NORTH'] pr [1, 5] {} ['NORTH'] tile LOCKED
222 c0 [1, 4] {} ['NORTH'] pr [1, 4] {} ['NORTH'] tile {'kind': 'PLANT', 'crop': 'MELON', 'planted_day': 0, 'watered_today': False, 'consecutive_unwatered': 0, 'yield_units': 4, 'max_lifespan_step': 312, 'fertilized_until_day': -1}
223 c0 [1, 3] {} ['NORTH'] pr [1, 3] {} ['NORTH'] tile {'kind': 'PLANT', 'crop': 'MELON', 'planted_day': 0, 'watered_today': False, 'consecutive_unwatered': 0, 'yield_units': 4, 'max_lifespan_step': 312, 'fertilized_until_day': -1}
224 c0 [1, 2] {} ['WATER'] pr [1, 2] {} ['WATER'] tile {'kind': 'PLANT', 'crop': 'MELON', 'planted_day': 0, 'watered_today': False, 'consecutive_unwatered': 0, 'yield_units': 4, 'max_lifespan_step': 312, 'fertilized_until_day': -1}
225 c0 [1, 2] {} ['EAST'] pr [1, 2] {} ['EAST'] tile {'kind': 'PLANT', 'crop': 'MELON', 'planted_day': 0, 'watered_today': True, 'consecutive_unwatered': 0, 'yield_units': 5, 'max_lifespan_step': 312, 'fertilized_until_day': -1}
226 c0 [2, 2] {} ['WATER'] pr [2, 2] {} ['WATER'] tile {'kind': 'PLANT', 'crop': 'MELON', 'planted_day': 0, 'watered_today': False, 'consecutive_unwatered': 0, 'yield_units': 4, 'max_lifespan_step': 312, 'fertilized_until_day': -1}
227 c0 [2, 2] {} ['NORTH'] pr [2, 2] {} ['NORTH'] tile {'kind': 'PLANT', 'crop': 'MELON', 'planted_day': 0, 'watered_today': True, 'consecutive_unwatered': 0, 'yield_units': 5, 'max_lifespan_step': 312, 'fertilized_until_day': -1}
228 c0 [2, 1] {} ['WATER'] pr [2, 1] {} ['WATER'] tile {'kind': 'PLANT', 'crop': 'MELON', 'planted_day': 0, 'watered_today': False, 'consecutive_unwatered': 0, 'yield_units': 4, 'max_lifespan_step': 312, 'fertilized_until_day': -1}
229 c0 [2, 1] {} ['EAST'] pr [2, 1] {} ['EAST'] tile {'kind': 'PLANT', 'crop': 'MELON', 'planted_day': 0, 'watered_today': True, 'consecutive_unwatered': 0, 'yield_units': 5, 'max_lifespan_step': 312, 'fertilized_until_day': -1}
